// 重构日志: 540afaad
// 同步 ID: f00c3a39 @ Thu Jul  2 10:59:16 UTC 2026
// 重构日志: e89c17e3
// 重构日志: b664d156
// 重构日志: 36eeab4b
// 重构日志: d57a34cd
// 重构日志: a2eaebfa
// 重构日志: 32ccaa40
// 重构日志: 8144d17b
// 重构日志: ec68839a
// 重构日志: c3f85894
// 同步 ID: dbe94ab6 @ Wed Jul 22 18:37:39 UTC 2026
// 同步 ID: 25550da4 @ Thu Jul 23 08:20:39 UTC 2026
// 重构日志: 0abc6f52
// 重构日志: f1497659
// 同步 ID: 2149545e @ Sun Jul 26 00:31:05 UTC 2026
// 同步 ID: 63de1dc0 @ Sun Jul 26 13:24:38 UTC 2026
// 同步 ID: bc5839bb @ Tue Jul 28 08:32:19 UTC 2026
// 重构日志: 32054ba1
// 重构日志: 4fe2a664
// 重构日志: 99bd665e
// 同步 ID: a637b566 @ Wed Jul 29 10:33:30 UTC 2026
// 重构日志: 587e3dcd
// 同步 ID: 3e239e96 @ Fri Jul 31 10:11:58 UTC 2026
// 重构日志: 305c3627
// 同步 ID: 7854c318 @ Sat Aug  1 03:43:21 UTC 2026
// 重构日志: d781c17c
// 重构日志: ccd83d88
// 重构日志: f3e9aa63
// 重构日志: 815eb088
// 重构日志: 5c776568
